// Jest Snapshot v1, https://goo.gl/fbAQLP

exports[`renders correctly 1`] = `
<button
  className="sc-AxirZ jloIDr"
  onBlur={[Function]}
  onFocus={[Function]}
  style={
    Object {
      "boxShadow": "none",
    }
  }
>
  Some button text
</button>
`;
