// Jest Snapshot v1, https://goo.gl/fbAQLP

exports[`renders correctly 1`] = `
<svg
  className="sc-AxjAm CGDsI"
  height="24"
  role="img"
  viewBox="0 0 24 24"
  width="24"
  xmlns="http://www.w3.org/2000/svg"
>
  <title>
    alert
  </title>
  <path
    clipRule="evenodd"
    d="M13 1a1 1 0 00-2 0v2.018c-1.656.119-2.841.834-3.649 1.928-.834 1.13-1.204 2.582-1.436 3.904-.101.577-.181 1.162-.256 1.71l-.036.264a22.87 22.87 0 01-.28 1.707c-.111.508-.237.887-.382 1.155-.14.257-.265.355-.365.4-1.777.785-2.472 2.086-2.662 3.227a4.635 4.635 0 00.106 1.97l.005.014.002.005v.003c0 .001.001.002.953-.305l-.952.307A1 1 0 003 20h6c0 1.69 1.481 3 3 3 1.518 0 3-1.31 3-3H21a1 1 0 00.951-.693L21 19c.951.307.952.306.952.306v-.004l.003-.005.004-.015.005-.017a4.367 4.367 0 00.119-.577 4.635 4.635 0 00-.017-1.375c-.19-1.14-.885-2.442-2.662-3.228-.091-.04-.228-.145-.377-.48-.153-.343-.27-.822-.372-1.446-.07-.43-.125-.878-.184-1.36v-.002c-.027-.22-.055-.448-.086-.684-.095-.73-.212-1.509-.4-2.257a11.861 11.861 0 00-.284-.962 1 1 0 10-1.891.652c.087.253.165.52.235.8.159.63.264 1.314.357 2.025l.078.628c.062.502.125 1.012.201 1.48.109.668.258 1.354.518 1.94.265.593.688 1.183 1.396 1.496 1.103.487 1.408 1.185 1.498 1.726.021.125.03.246.033.359H14a1 1 0 00-1 1v1c0 .519-.519 1-1 1-.482 0-1-.481-1-1v-1a1 1 0 00-1-1H3.873c.003-.113.013-.234.033-.358.09-.542.396-1.24 1.498-1.727.621-.275 1.035-.759 1.316-1.277.275-.508.45-1.097.577-1.68.128-.589.22-1.231.308-1.861l.037-.272c.075-.55.149-1.093.243-1.63.223-1.269.533-2.327 1.075-3.061C9.45 5.471 10.18 5 11.5 5H12A1 1 0 0013 4V1z"
    fillRule="evenodd"
  />
</svg>
`;
